:Correlation name:_QLineEdit	{buddy=':New correlation.Correlation name:_QLabel' type='QLineEdit' unnamed='1' visible='1'}
:Correlations.TestCorrelation1_QAction	{container=':Correlations_PVGuiQt::PVCorrelationMenu_2' text='TestCorrelation1' type='QAction' unnamed='1' visible='true'}
:Correlations.TestCorrelation_QAction	{container=':Correlations_PVGuiQt::PVCorrelationMenu_2' text='TestCorrelation' type='QAction' unnamed='1' visible='true'}
:Correlations.Test_QAction	{container=':Correlations_PVGuiQt::PVCorrelationMenu_2' text='Test' type='QAction' unnamed='1' visible='true'}
:Correlations_PVGuiQt::PVCorrelationMenu	{title='Correlations' type='PVGuiQt::PVCorrelationMenu' unnamed='1' visible='1'}
:Correlations_PVGuiQt::PVCorrelationMenu_2	{title='Correlations' type='PVGuiQt::PVCorrelationMenu' unnamed='1' visible='0'}
:Correlations_QDialog	{type='QDialog' unnamed='1' visible='1' windowTitle='Correlations'}
:Extracting text:squid....Cancel_QPushButton	{text='Cancel' type='QPushButton' unnamed='1' visible='1' window=':Extracting text:squid..._PVCore::PVProgressBox'}
:Extracting text:squid..._PVCore::PVProgressBox	{type='PVCore::PVProgressBox' unnamed='1' visible='1' windowTitle='Extracting text:squid...'}
:Extracting text:syslog..._PVCore::PVProgressBox	{type='PVCore::PVProgressBox' unnamed='1' visible='1' windowTitle='Extracting text:syslog...'}
:Import file.Cancel_QPushButton	{text='Cancel' type='QPushButton' unnamed='1' visible='1' window=':Import file_PVRush::PVImportFileDialog'}
:Import file.File name:_QLabel	{name='fileNameLabel' text='File name:' type='QLabel' visible='1' window=':Import file_PVRush::PVImportFileDialog'}
:Import file.Open_QPushButton	{text='Open' type='QPushButton' unnamed='1' visible='1' window=':Import file_PVRush::PVImportFileDialog'}
:Import file.fileTypeCombo_QComboBox	{name='fileTypeCombo' type='QComboBox' visible='1' window=':Import file_PVRush::PVImportFileDialog'}
:Import file.lookInCombo_QComboBox	{name='lookInCombo' type='QComboBox' visible='1' window=':Import file_PVRush::PVImportFileDialog'}
:Import file.splitter_QSplitter	{name='splitter' type='QSplitter' visible='1' window=':Import file_PVRush::PVImportFileDialog'}
:Import file.toParentButton_QToolButton	{name='toParentButton' type='QToolButton' visible='1' window=':Import file_PVRush::PVImportFileDialog'}
:Import file_PVRush::PVImportFileDialog	{name='QFileDialog' type='PVRush::PVImportFileDialog' visible='1' windowTitle='Import file'}
:Import files: archive detected.Cancel_QPushButton	{text='Cancel' type='QPushButton' unnamed='1' visible='1' window=':Import files: archive detected_QMessageBox'}
:Import files: archive detected_QMessageBox	{type='QMessageBox' unnamed='1' visible='1' windowTitle='Import files: archive detected'}
:Import_QMenu	{title='Import' type='QMenu' unnamed='1' visible='1'}
:Load an investigation....Back_QToolButton	{text='Back' type='QToolButton' unnamed='1' visible='1' window=':Load an investigation..._KFileDialog'}
:Load an investigation....Name:_QLabel	{text='Name:' type='QLabel' unnamed='1' visible='1' window=':Load an investigation..._KFileDialog'}
:Load an investigation....Open_KPushButton	{text='Open' type='KPushButton' unnamed='1' visible='1' window=':Load an investigation..._KFileDialog'}
:Load an investigation..._KFileDialog	{type='KFileDialog' unnamed='1' visible='1' windowTitle='Load an investigation...'}
:Name:_KUrlComboBox	{buddy=':Load an investigation....Name:_QLabel' type='KUrlComboBox' unnamed='1' visible='1'}
:New correlation.Correlation name:_QLabel	{text='Correlation name:' type='QLabel' unnamed='1' visible='1' window=':New correlation_QInputDialog'}
:New correlation.OK_QPushButton	{text='OK' type='QPushButton' unnamed='1' visible='1' window=':New correlation_QInputDialog'}
:New correlation_QInputDialog	{type='QInputDialog' unnamed='1' visible='1' windowTitle='New correlation'}
:PVListingView.0_0_QModelIndex	{column='0' container=':PVListingView_PVGuiQt::PVListingView' row='0' type='QModelIndex'}
:PVListingView.0_1_QModelIndex	{column='1' container=':PVListingView_PVGuiQt::PVListingView' row='0' type='QModelIndex'}
:PVListingView.0_2_QModelIndex	{column='2' container=':PVListingView_PVGuiQt::PVListingView' row='0' type='QModelIndex'}
:PVListingView.0_3_QModelIndex	{column='3' container=':PVListingView_PVGuiQt::PVListingView' row='0' type='QModelIndex'}
:PVListingView.10_0_QModelIndex	{column='0' container=':PVListingView_PVGuiQt::PVListingView' row='10' type='QModelIndex'}
:PVListingView.10_1_QModelIndex	{column='1' container=':PVListingView_PVGuiQt::PVListingView' row='10' type='QModelIndex'}
:PVListingView.10_2_QModelIndex	{column='2' container=':PVListingView_PVGuiQt::PVListingView' row='10' type='QModelIndex'}
:PVListingView.10_3_QModelIndex	{column='3' container=':PVListingView_PVGuiQt::PVListingView' row='10' type='QModelIndex'}
:PVListingView.11_0_QModelIndex	{column='0' container=':PVListingView_PVGuiQt::PVListingView' row='11' type='QModelIndex'}
:PVListingView.11_1_QModelIndex	{column='1' container=':PVListingView_PVGuiQt::PVListingView' row='11' type='QModelIndex'}
:PVListingView.11_2_QModelIndex	{column='2' container=':PVListingView_PVGuiQt::PVListingView' row='11' type='QModelIndex'}
:PVListingView.11_3_QModelIndex	{column='3' container=':PVListingView_PVGuiQt::PVListingView' row='11' type='QModelIndex'}
:PVListingView.12_0_QModelIndex	{column='0' container=':PVListingView_PVGuiQt::PVListingView' row='12' type='QModelIndex'}
:PVListingView.12_1_QModelIndex	{column='1' container=':PVListingView_PVGuiQt::PVListingView' row='12' type='QModelIndex'}
:PVListingView.12_2_QModelIndex	{column='2' container=':PVListingView_PVGuiQt::PVListingView' row='12' type='QModelIndex'}
:PVListingView.12_3_QModelIndex	{column='3' container=':PVListingView_PVGuiQt::PVListingView' row='12' type='QModelIndex'}
:PVListingView.13_0_QModelIndex	{column='0' container=':PVListingView_PVGuiQt::PVListingView' row='13' type='QModelIndex'}
:PVListingView.13_1_QModelIndex	{column='1' container=':PVListingView_PVGuiQt::PVListingView' row='13' type='QModelIndex'}
:PVListingView.13_2_QModelIndex	{column='2' container=':PVListingView_PVGuiQt::PVListingView' row='13' type='QModelIndex'}
:PVListingView.13_3_QModelIndex	{column='3' container=':PVListingView_PVGuiQt::PVListingView' row='13' type='QModelIndex'}
:PVListingView.14_0_QModelIndex	{column='0' container=':PVListingView_PVGuiQt::PVListingView' row='14' type='QModelIndex'}
:PVListingView.14_1_QModelIndex	{column='1' container=':PVListingView_PVGuiQt::PVListingView' row='14' type='QModelIndex'}
:PVListingView.14_2_QModelIndex	{column='2' container=':PVListingView_PVGuiQt::PVListingView' row='14' type='QModelIndex'}
:PVListingView.14_3_QModelIndex	{column='3' container=':PVListingView_PVGuiQt::PVListingView' row='14' type='QModelIndex'}
:PVListingView.15_0_QModelIndex	{column='0' container=':PVListingView_PVGuiQt::PVListingView' row='15' type='QModelIndex'}
:PVListingView.15_1_QModelIndex	{column='1' container=':PVListingView_PVGuiQt::PVListingView' row='15' type='QModelIndex'}
:PVListingView.15_2_QModelIndex	{column='2' container=':PVListingView_PVGuiQt::PVListingView' row='15' type='QModelIndex'}
:PVListingView.15_3_QModelIndex	{column='3' container=':PVListingView_PVGuiQt::PVListingView' row='15' type='QModelIndex'}
:PVListingView.16_0_QModelIndex	{column='0' container=':PVListingView_PVGuiQt::PVListingView' row='16' type='QModelIndex'}
:PVListingView.16_1_QModelIndex	{column='1' container=':PVListingView_PVGuiQt::PVListingView' row='16' type='QModelIndex'}
:PVListingView.16_2_QModelIndex	{column='2' container=':PVListingView_PVGuiQt::PVListingView' row='16' type='QModelIndex'}
:PVListingView.16_3_QModelIndex	{column='3' container=':PVListingView_PVGuiQt::PVListingView' row='16' type='QModelIndex'}
:PVListingView.17_0_QModelIndex	{column='0' container=':PVListingView_PVGuiQt::PVListingView' row='17' type='QModelIndex'}
:PVListingView.17_1_QModelIndex	{column='1' container=':PVListingView_PVGuiQt::PVListingView' row='17' type='QModelIndex'}
:PVListingView.17_2_QModelIndex	{column='2' container=':PVListingView_PVGuiQt::PVListingView' row='17' type='QModelIndex'}
:PVListingView.17_3_QModelIndex	{column='3' container=':PVListingView_PVGuiQt::PVListingView' row='17' type='QModelIndex'}
:PVListingView.18_0_QModelIndex	{column='0' container=':PVListingView_PVGuiQt::PVListingView' row='18' type='QModelIndex'}
:PVListingView.18_1_QModelIndex	{column='1' container=':PVListingView_PVGuiQt::PVListingView' row='18' type='QModelIndex'}
:PVListingView.18_2_QModelIndex	{column='2' container=':PVListingView_PVGuiQt::PVListingView' row='18' type='QModelIndex'}
:PVListingView.18_3_QModelIndex	{column='3' container=':PVListingView_PVGuiQt::PVListingView' row='18' type='QModelIndex'}
:PVListingView.19_0_QModelIndex	{column='0' container=':PVListingView_PVGuiQt::PVListingView' row='19' type='QModelIndex'}
:PVListingView.19_1_QModelIndex	{column='1' container=':PVListingView_PVGuiQt::PVListingView' row='19' type='QModelIndex'}
:PVListingView.19_2_QModelIndex	{column='2' container=':PVListingView_PVGuiQt::PVListingView' row='19' type='QModelIndex'}
:PVListingView.19_3_QModelIndex	{column='3' container=':PVListingView_PVGuiQt::PVListingView' row='19' type='QModelIndex'}
:PVListingView.1_0_QModelIndex	{column='0' container=':PVListingView_PVGuiQt::PVListingView' row='1' type='QModelIndex'}
:PVListingView.1_1_QModelIndex	{column='1' container=':PVListingView_PVGuiQt::PVListingView' row='1' type='QModelIndex'}
:PVListingView.1_2_QModelIndex	{column='2' container=':PVListingView_PVGuiQt::PVListingView' row='1' type='QModelIndex'}
:PVListingView.1_3_QModelIndex	{column='3' container=':PVListingView_PVGuiQt::PVListingView' row='1' type='QModelIndex'}
:PVListingView.20_0_QModelIndex	{column='0' container=':PVListingView_PVGuiQt::PVListingView' row='20' type='QModelIndex'}
:PVListingView.20_1_QModelIndex	{column='1' container=':PVListingView_PVGuiQt::PVListingView' row='20' type='QModelIndex'}
:PVListingView.20_2_QModelIndex	{column='2' container=':PVListingView_PVGuiQt::PVListingView' row='20' type='QModelIndex'}
:PVListingView.20_3_QModelIndex	{column='3' container=':PVListingView_PVGuiQt::PVListingView' row='20' type='QModelIndex'}
:PVListingView.2_0_QModelIndex	{column='0' container=':PVListingView_PVGuiQt::PVListingView' row='2' type='QModelIndex'}
:PVListingView.2_1_QModelIndex	{column='1' container=':PVListingView_PVGuiQt::PVListingView' row='2' type='QModelIndex'}
:PVListingView.2_2_QModelIndex	{column='2' container=':PVListingView_PVGuiQt::PVListingView' row='2' type='QModelIndex'}
:PVListingView.2_3_QModelIndex	{column='3' container=':PVListingView_PVGuiQt::PVListingView' row='2' type='QModelIndex'}
:PVListingView.3_0_QModelIndex	{column='0' container=':PVListingView_PVGuiQt::PVListingView' row='3' type='QModelIndex'}
:PVListingView.3_1_QModelIndex	{column='1' container=':PVListingView_PVGuiQt::PVListingView' row='3' type='QModelIndex'}
:PVListingView.3_2_QModelIndex	{column='2' container=':PVListingView_PVGuiQt::PVListingView' row='3' type='QModelIndex'}
:PVListingView.3_3_QModelIndex	{column='3' container=':PVListingView_PVGuiQt::PVListingView' row='3' type='QModelIndex'}
:PVListingView.4_0_QModelIndex	{column='0' container=':PVListingView_PVGuiQt::PVListingView' row='4' type='QModelIndex'}
:PVListingView.4_1_QModelIndex	{column='1' container=':PVListingView_PVGuiQt::PVListingView' row='4' type='QModelIndex'}
:PVListingView.4_2_QModelIndex	{column='2' container=':PVListingView_PVGuiQt::PVListingView' row='4' type='QModelIndex'}
:PVListingView.4_3_QModelIndex	{column='3' container=':PVListingView_PVGuiQt::PVListingView' row='4' type='QModelIndex'}
:PVListingView.5_0_QModelIndex	{column='0' container=':PVListingView_PVGuiQt::PVListingView' row='5' type='QModelIndex'}
:PVListingView.5_1_QModelIndex	{column='1' container=':PVListingView_PVGuiQt::PVListingView' row='5' type='QModelIndex'}
:PVListingView.5_2_QModelIndex	{column='2' container=':PVListingView_PVGuiQt::PVListingView' row='5' type='QModelIndex'}
:PVListingView.5_3_QModelIndex	{column='3' container=':PVListingView_PVGuiQt::PVListingView' row='5' type='QModelIndex'}
:PVListingView.6_0_QModelIndex	{column='0' container=':PVListingView_PVGuiQt::PVListingView' row='6' type='QModelIndex'}
:PVListingView.6_1_QModelIndex	{column='1' container=':PVListingView_PVGuiQt::PVListingView' row='6' type='QModelIndex'}
:PVListingView.6_2_QModelIndex	{column='2' container=':PVListingView_PVGuiQt::PVListingView' row='6' type='QModelIndex'}
:PVListingView.6_3_QModelIndex	{column='3' container=':PVListingView_PVGuiQt::PVListingView' row='6' type='QModelIndex'}
:PVListingView.7_0_QModelIndex	{column='0' container=':PVListingView_PVGuiQt::PVListingView' row='7' type='QModelIndex'}
:PVListingView.7_1_QModelIndex	{column='1' container=':PVListingView_PVGuiQt::PVListingView' row='7' type='QModelIndex'}
:PVListingView.7_2_QModelIndex	{column='2' container=':PVListingView_PVGuiQt::PVListingView' row='7' type='QModelIndex'}
:PVListingView.7_3_QModelIndex	{column='3' container=':PVListingView_PVGuiQt::PVListingView' row='7' type='QModelIndex'}
:PVListingView.8_0_QModelIndex	{column='0' container=':PVListingView_PVGuiQt::PVListingView' row='8' type='QModelIndex'}
:PVListingView.8_1_QModelIndex	{column='1' container=':PVListingView_PVGuiQt::PVListingView' row='8' type='QModelIndex'}
:PVListingView.8_2_QModelIndex	{column='2' container=':PVListingView_PVGuiQt::PVListingView' row='8' type='QModelIndex'}
:PVListingView.8_3_QModelIndex	{column='3' container=':PVListingView_PVGuiQt::PVListingView' row='8' type='QModelIndex'}
:PVListingView.9_0_QModelIndex	{column='0' container=':PVListingView_PVGuiQt::PVListingView' row='9' type='QModelIndex'}
:PVListingView.9_1_QModelIndex	{column='1' container=':PVListingView_PVGuiQt::PVListingView' row='9' type='QModelIndex'}
:PVListingView.9_2_QModelIndex	{column='2' container=':PVListingView_PVGuiQt::PVListingView' row='9' type='QModelIndex'}
:PVListingView.9_3_QModelIndex	{column='3' container=':PVListingView_PVGuiQt::PVListingView' row='9' type='QModelIndex'}
:PVListingView.verticalHeader_of_PVListingView_QHeaderView	{container=':PVListingView_PVGuiQt::PVListingView' name='verticalHeader_of_PVListingView' orientation='2' type='QHeaderView' visible='1'}
:PVListingView_PVGuiQt::PVListingView	{name='PVListingView' type='PVGuiQt::PVListingView' visible='1' window=':_QMainWindow'}
:Parallel view [1 (default/default)].qt_dockwidget_floatbutton_PVParallelView::PVFullParallelView	{aboveWidget=':Parallel view [1 (default/default)].qt_dockwidget_floatbutton_QDockWidgetTitleButton' container=':Parallel view [1 (default/default)]_PVGuiQt::PVViewDisplay' type='PVParallelView::PVFullParallelView' unnamed='1' visible='1'}
:Parallel view [1 (default/default)].qt_dockwidget_floatbutton_QDockWidgetTitleButton	{container=':Parallel view [1 (default/default)]_PVGuiQt::PVViewDisplay' name='qt_dockwidget_floatbutton' type='QDockWidgetTitleButton' visible='1'}
:Parallel view [1 (default/default)]_PVGuiQt::PVViewDisplay	{container=':qt_tabwidget_stackedwidget_PVGuiQt::PVSourceWorkspace' type='PVGuiQt::PVViewDisplay' unnamed='1' visible='1' windowTitle='Parallel view [1 (default/default)]'}
:RecentProjectItem.<a href="1;0">/home/jbleonesio/dev/picviz-inspector/squish/files/sources/test-petit.log [text:syslog]</a>_QLabel	{container=':new-solution1.pvi[*] — Picviz Inspector 3.0.0.RecentProjectItem_QListWidget' text='<a href="1;0">/home/jbleonesio/dev/picviz-inspector/squish/files/sources/test-petit.log [text:syslog]</a>' type='QLabel' unnamed='1' visible='1'}
:RecentProjectItem.<a href="1;0">/home/jbleonesio/dev/picviz-inspector/test_petit.log [text:syslog]</a>_QLabel	{container=':new-solution1.pvi[*] — Picviz Inspector 3.0.0.RecentProjectItem_QListWidget' text='<a href="1;0">/home/jbleonesio/dev/picviz-inspector/test_petit.log [text:syslog]</a>' type='QLabel' unnamed='1' visible='1'}
:_QListView	{type='QListView' unnamed='1' visible='1'}
:_QMainWindow	{type='QMainWindow' unnamed='1' visible='1'}
:fileNameEdit_QLineEdit	{buddy=':Import file.File name:_QLabel' name='fileNameEdit' type='QLineEdit' visible='1'}
:frame.stackedWidget_QStackedWidget	{container=':splitter.frame_QFrame' name='stackedWidget' type='QStackedWidget' visible='1'}
:listView_QScrollBar	{container=':stackedWidget.listView_QListView' type='QScrollBar' unnamed='1' visible='1'}
:new-solution1.pvi[*] — Picviz Inspector 3.0.0.File_QMenu	{title='File' type='QMenu' unnamed='1' visible='1' window=':new-solution1.pvi[*] — Picviz Inspector 3.0.0_PVInspector::PVMainWindow'}
:new-solution1.pvi[*] — Picviz Inspector 3.0.0.Import files..._QPushButton	{text='Import files...' type='QPushButton' unnamed='1' visible='1' window=':new-solution1.pvi[*] — Picviz Inspector 3.0.0_PVInspector::PVMainWindow'}
:new-solution1.pvi[*] — Picviz Inspector 3.0.0.Import files..._QPushButton_2	{text='Import files...' type='QPushButton' unnamed='1' visible='1' window=':new-solution1.pvi[*] — Picviz Inspector 3.0.0_PVInspector::PVMainWindow_2'}
:new-solution1.pvi[*] — Picviz Inspector 3.0.0.Open an investigation..._QPushButton	{text='Open an investigation...' type='QPushButton' unnamed='1' visible='1' window=':new-solution1.pvi[*] — Picviz Inspector 3.0.0_PVInspector::PVMainWindow'}
:new-solution1.pvi[*] — Picviz Inspector 3.0.0.Open an investigation..._QPushButton_2	{text='Open an investigation...' type='QPushButton' unnamed='1' visible='1' window=':new-solution1.pvi[*] — Picviz Inspector 3.0.0_PVInspector::PVMainWindow_2'}
:new-solution1.pvi[*] — Picviz Inspector 3.0.0.RecentProjectItem_QListWidget	{name='RecentProjectItem' occurrence='2' type='QListWidget' visible='1' window=':new-solution1.pvi[*] — Picviz Inspector 3.0.0_PVInspector::PVMainWindow'}
:new-solution1.pvi[*] — Picviz Inspector 3.0.0.qt_tabwidget_stackedwidget_QStackedWidget	{name='qt_tabwidget_stackedwidget' type='QStackedWidget' visible='1' window=':new-solution1.pvi[*] — Picviz Inspector 3.0.0_PVInspector::PVMainWindow'}
:new-solution1.pvi[*] — Picviz Inspector 3.0.0_PVInspector::PVMainWindow	{name='PVMainWindow' type='PVInspector::PVMainWindow' visible='1' windowTitle=':new-solution1.pvi[*] — Picviz Inspector 3.0.0'}
:new-solution1.pvi[*] — Picviz Inspector 3.0.0_PVInspector::PVMainWindow_2	{name='PVMainWindow' type='PVInspector::PVMainWindow' visible='1' windowTitle='new-solution1.pvi[*] — Picviz Inspector 3.0.0'}
:new-solution1.pvi[*] — Picviz Inspector 3.0.0_QMenuBar	{type='QMenuBar' unnamed='1' visible='1' window=':new-solution1.pvi[*] — Picviz Inspector 3.0.0_PVInspector::PVMainWindow'}
:new-solution1.pvi[*] — Picviz Inspector 3.0.0_QMenuBar_2	{type='QMenuBar' unnamed='1' visible='1' window=':new-solution1.pvi[*] — Picviz Inspector 3.0.0_PVInspector::PVMainWindow_2'}
:qt_dockwidget_floatbutton_QGraphicsPixmapItem	{acceptDrops='no' container=':Parallel view [1 (default/default)].qt_dockwidget_floatbutton_PVParallelView::PVFullParallelView' enabled='yes' focusable='no' lineColor='#000000' movable='no' occurrence='5' selectable='no' type='QGraphicsPixmapItem' visible='yes'}
:qt_dockwidget_floatbutton_QGraphicsPixmapItem_2	{acceptDrops='no' container=':Parallel view [1 (default/default)].qt_dockwidget_floatbutton_PVParallelView::PVFullParallelView' enabled='yes' focusable='no' lineColor='#000000' movable='no' occurrence='6' selectable='no' type='QGraphicsPixmapItem' visible='yes'}
:qt_tabwidget_stackedwidget_PVGuiQt::PVSourceWorkspace	{container=':new-solution1.pvi[*] — Picviz Inspector 3.0.0.qt_tabwidget_stackedwidget_QStackedWidget' type='PVGuiQt::PVSourceWorkspace' unnamed='1' visible='1'}
:splitter.frame_QFrame	{container=':Import file.splitter_QSplitter' name='frame' type='QFrame' visible='1'}
:splitter.sidebar_QSidebar	{container=':Import file.splitter_QSplitter' name='sidebar' type='QSidebar' visible='1'}
:stackedWidget.listView_QListView	{container=':frame.stackedWidget_QStackedWidget' name='listView' type='QListView' visible='1'}
